2026-05-04T16:43:02.906Z POST /api/scan 200 70ms
2026-05-04T16:43:03.969Z GET /health 200 1ms
2026-05-04T16:44:07.321Z GET /health 200 5ms
2026-05-04T16:45:02.150Z GET /health 200 6ms
2026-05-04T16:45:05.996Z GET /health 200 1ms
2026-05-04T16:45:12.042Z POST /api/scan 200 1047ms
2026-05-04T16:45:59.765Z POST /api/scan 200 2423ms
2026-06-24T07:11:53.853Z POST /api/scan 200 623ms
2026-06-24T07:12:18.752Z POST /api/scan 200 232ms
2026-06-24T07:13:21.171Z POST /api/scan 200 227ms
2026-06-24T15:14:31.920Z POST /api/scan 200 358ms
2026-06-24T15:14:41.085Z POST /api/scan 200 336ms
2026-06-24T16:21:14.600Z POST /api/scan 200 434ms
2026-06-24T16:27:32.067Z POST /api/scan 403 11ms
2026-06-24T16:27:32.578Z POST /api/scan 403 1ms
2026-06-24T16:27:33.598Z POST /api/scan 403 4ms
2026-06-24T16:27:35.622Z POST /api/scan 403 5ms
2026-06-24T16:27:40.843Z POST /api/scan 403 1ms
2026-06-24T16:27:41.363Z POST /api/scan 403 0ms
2026-06-24T16:27:42.374Z POST /api/scan 403 1ms
2026-06-24T16:27:44.384Z POST /api/scan 403 1ms
2026-06-24T16:27:51.851Z POST /api/scan 403 1ms
2026-06-24T16:27:52.363Z POST /api/scan 403 0ms
2026-06-24T16:27:53.370Z POST /api/scan 403 0ms
2026-06-24T16:27:55.381Z POST /api/scan 403 1ms
2026-06-24T16:29:10.688Z POST /api/scan 403 1ms
2026-06-24T16:29:11.205Z POST /api/scan 403 1ms
2026-06-24T16:29:12.223Z POST /api/scan 403 1ms
2026-06-24T16:29:14.231Z POST /api/scan 403 1ms
2026-06-24T16:30:17.736Z POST /api/scan 200 1603ms
2026-06-24T16:30:28.786Z POST /api/scan 200 453ms
2026-06-24T16:30:46.082Z POST /api/scan 200 1056ms
2026-06-24T16:31:28.590Z POST /api/scan 200 430ms
2026-06-24T17:54:36.933Z POST /api/scan 200 680ms
2026-06-24T17:54:58.573Z POST /api/scan 200 573ms
2026-06-24T17:58:06.943Z POST /api/scan 200 839ms
2026-06-24T17:59:00.821Z POST /api/scan 200 441ms
2026-06-25T05:13:03.161Z GET / 404 14ms
2026-06-25T05:13:05.003Z GET /favicon.ico 404 0ms
2026-07-07T14:43:45.831Z POST /api/scan 200 1514ms
2026-07-07T14:44:41.807Z POST /api/scan 200 457ms
2026-07-07T14:44:57.288Z POST /api/scan 200 579ms
2026-07-07T15:55:49.527Z POST /api/scan 200 754ms
2026-07-07T15:56:18.066Z POST /api/scan 200 386ms
2026-07-07T15:56:24.612Z POST /api/scan 200 378ms
2026-07-07T15:56:33.946Z POST /api/scan 200 544ms
2026-07-07T15:56:44.895Z POST /api/scan 200 377ms
2026-07-07T15:56:53.766Z POST /api/scan 200 457ms
2026-07-07T21:18:28.425Z POST /api/scan 200 3538ms
2026-07-07T21:19:39.966Z POST /api/scan 200 6289ms
2026-07-15T19:16:52.471Z POST /api/scan 200 741ms
2026-07-15T19:17:08.953Z POST /api/scan 200 378ms
2026-09-11T19:59:54.580Z GET /health 200 40ms
2026-09-11T19:59:55.192Z POST /api/password 200 559ms
2026-09-11T20:00:00.555Z POST /api/phishing 200 5357ms
2026-09-12T05:49:17.605Z POST /api/scan 200 8583ms
2026-09-12T05:49:48.889Z POST /api/scan 200 10775ms
2026-09-12T05:50:13.569Z POST /api/scan 200 12590ms
2026-09-12T05:51:49.284Z POST /api/scan 200 9442ms
